[2022-10-27 20:19:07]scm: 这是第1条日志信息
[2022-10-27 20:19:08]scm: 这是第2条日志信息
[2022-10-27 20:19:09]scm: 这是第3条日志信息
[2022-10-27 20:19:10]scm: 这是第3条日志信息
[2022-10-27 20:19:11]scm: 这是第4条日志信息
[2022-10-27 20:19:11]scm: 这是第4条日志信息
[2022-10-27 20:19:11]scm: 这是第5条日志信息
[2022-10-27 20:19:11]scm: 这是第6条日志信息
[2022-10-27 20:19:11]scm: 这是第7条日志信息
[2022-10-27 20:19:11]scm: 这是第8条日志信息1
2
3
4
5
6
7
8
9
10
11
12
13
14